1770301109.0899305 [INFO] [launch]: All log files can be found below /home/joostleliveld/UnembodiedNavigation/logs/ros/2026-02-05-15-18-29-087726-joostleliveld-HP-ZBook-Studio-G5-24729
1770301109.0904491 [INFO] [launch]: Default logging verbosity is set to INFO
1770301109.7710283 [INFO] [ign gazebo-1]: process started with pid [24731]
1770301109.7713835 [INFO] [robot_state_publisher-2]: process started with pid [24733]
1770301109.7715900 [INFO] [wait_for_clock-3]: process started with pid [24736]
1770301109.7717688 [INFO] [parameter_bridge-4]: process started with pid [24738]
1770301109.7720439 [INFO] [static_transform_publisher-5]: process started with pid [24740]
1770301109.7722461 [INFO] [static_transform_publisher-6]: process started with pid [24742]
1770301109.7724252 [INFO] [wait_for_odom-7]: process started with pid [24744]
1770301109.7811582 [static_transform_publisher-5] getifaddrs: Operation not permitted
1770301109.7817192 [static_transform_publisher-5] getifaddrs: Operation not permitted
1770301109.7826483 [static_transform_publisher-5] getifaddrs: Operation not permitted
1770301109.7837827 [static_transform_publisher-6] getifaddrs: Operation not permitted
1770301109.7844493 [static_transform_publisher-6] getifaddrs: Operation not permitted
1770301109.7854123 [static_transform_publisher-5] [37;1m2026-02-05 15:18:29.781 [31;1m[[37;1mRTPS_TRANSPORT_SHM[31;1m Error] [37mFailed to create segment 2991ffacf80b8f68: Permission denied[34;1m -> Function [36mcompute_per_allocation_extra_size[m
1770301109.7855442 [static_transform_publisher-5] [37;1m2026-02-05 15:18:29.781 [31;1m[[37;1mRTPS_TRANSPORT_SHM[31;1m Error] [37mFailed to create Shared Memory Manager for domain fastrtps: Permission denied[34;1m -> Function [36mcreate[m
1770301109.7856240 [static_transform_publisher-5] [37;1m2026-02-05 15:18:29.781 [31;1m[[37;1mRTPS_PARTICIPANT[31;1m Error] [37mUnable to Register SHM Transport. SHM Transport is not supported in the current platform.[34;1m -> Function [36mRTPSParticipantImpl[m
1770301109.7856917 [static_transform_publisher-5] [37;1m2026-02-05 15:18:29.781 [31;1m[[37;1mTRANSPORT_UDP[31;1m Error] [37mError creating socket: Operation not permitted[34;1m -> Function [36minit[m
1770301109.7857785 [static_transform_publisher-5] [37;1m2026-02-05 15:18:29.781 [31;1m[[37;1mRTPS_PARTICIPANT[31;1m Error] [37mUser transport failed to register.[34;1m -> Function [36mRTPSParticipantImpl[m
1770301109.7858431 [static_transform_publisher-5] [37;1m2026-02-05 15:18:29.781 [31;1m[[37;1mRTPS_PARTICIPANT[31;1m Error] [37mCannot create participant due to initialization error[34;1m -> Function [36mcreateParticipant[m
1770301109.7859097 [static_transform_publisher-5] [37;1m2026-02-05 15:18:29.781 [31;1m[[37;1mDOMAIN_PARTICIPANT[31;1m Error] [37mProblem creating RTPSParticipant[34;1m -> Function [36menable[m
1770301109.7864285 [static_transform_publisher-5] 
1770301109.7865639 [static_transform_publisher-5] >>> [rcutils|error_handling.c:108] rcutils_set_error_state()
1770301109.7868376 [static_transform_publisher-5] This error state is being overwritten:
1770301109.7870588 [static_transform_publisher-5] 
1770301109.7872677 [static_transform_publisher-5]   '__create_participant failed to create participant, at ./src/participant.cpp:105, at ./src/rcl/node.c:263'
1770301109.7874553 [static_transform_publisher-5] 
1770301109.7876570 [static_transform_publisher-5] with this new error message:
1770301109.7878442 [static_transform_publisher-5] 
1770301109.7880194 [static_transform_publisher-5]   'rcl node's rmw handle is invalid, at ./src/rcl/node.c:415'
1770301109.7882266 [static_transform_publisher-5] 
1770301109.7884326 [static_transform_publisher-5] rcutils_reset_error() should be called after error handling to avoid this.
1770301109.7886102 [static_transform_publisher-5] <<<
1770301109.7888107 [static_transform_publisher-5] [ERROR] [1770301109.782501051] [rcl]: Failed to fini publisher for node: 1
1770301109.7894342 [static_transform_publisher-5] terminate called after throwing an instance of 'rclcpp::exceptions::RCLError'
1770301109.7896602 [static_transform_publisher-5]   what():  failed to initialize rcl node: rcl node's rmw handle is invalid, at ./src/rcl/node.c:415
1770301109.7900913 [static_transform_publisher-6] [37;1m2026-02-05 15:18:29.783 [31;1m[[37;1mRTPS_TRANSPORT_SHM[31;1m Error] [37mFailed to create segment d0e7c668f19b67de: Permission denied[34;1m -> Function [36mcompute_per_allocation_extra_size[m
1770301109.7903981 [static_transform_publisher-6] [37;1m2026-02-05 15:18:29.783 [31;1m[[37;1mRTPS_TRANSPORT_SHM[31;1m Error] [37mFailed to create Shared Memory Manager for domain fastrtps: Permission denied[34;1m -> Function [36mcreate[m
1770301109.7907596 [static_transform_publisher-6] [37;1m2026-02-05 15:18:29.783 [31;1m[[37;1mRTPS_PARTICIPANT[31;1m Error] [37mUnable to Register SHM Transport. SHM Transport is not supported in the current platform.[34;1m -> Function [36mRTPSParticipantImpl[m
1770301109.7911177 [static_transform_publisher-6] [37;1m2026-02-05 15:18:29.784 [31;1m[[37;1mTRANSPORT_UDP[31;1m Error] [37mError creating socket: Operation not permitted[34;1m -> Function [36minit[m
1770301109.7914746 [static_transform_publisher-6] [37;1m2026-02-05 15:18:29.784 [31;1m[[37;1mRTPS_PARTICIPANT[31;1m Error] [37mUser transport failed to register.[34;1m -> Function [36mRTPSParticipantImpl[m
1770301109.7918015 [static_transform_publisher-6] [37;1m2026-02-05 15:18:29.784 [31;1m[[37;1mRTPS_PARTICIPANT[31;1m Error] [37mCannot create participant due to initialization error[34;1m -> Function [36mcreateParticipant[m
1770301109.7918713 [static_transform_publisher-6] [37;1m2026-02-05 15:18:29.784 [31;1m[[37;1mDOMAIN_PARTICIPANT[31;1m Error] [37mProblem creating RTPSParticipant[34;1m -> Function [36menable[m
1770301109.7921824 [static_transform_publisher-6] getifaddrs: Operation not permitted
1770301109.7923434 [static_transform_publisher-6] 
1770301109.7925227 [static_transform_publisher-6] >>> [rcutils|error_handling.c:108] rcutils_set_error_state()
1770301109.7927265 [static_transform_publisher-6] This error state is being overwritten:
1770301109.7929063 [static_transform_publisher-6] 
1770301109.7930765 [static_transform_publisher-6]   '__create_participant failed to create participant, at ./src/participant.cpp:105, at ./src/rcl/node.c:263'
1770301109.7932923 [static_transform_publisher-6] 
1770301109.7934284 [static_transform_publisher-6] with this new error message:
1770301109.7936833 [static_transform_publisher-6] 
1770301109.7939246 [static_transform_publisher-6]   'rcl node's rmw handle is invalid, at ./src/rcl/node.c:415'
1770301109.7942080 [static_transform_publisher-6] 
1770301109.7944424 [static_transform_publisher-6] rcutils_reset_error() should be called after error handling to avoid this.
1770301109.7947176 [static_transform_publisher-6] <<<
1770301109.7948747 [static_transform_publisher-6] [ERROR] [1770301109.784601768] [rcl]: Failed to fini publisher for node: 1
1770301109.7949796 [static_transform_publisher-6] terminate called after throwing an instance of 'rclcpp::exceptions::RCLError'
1770301109.7950807 [static_transform_publisher-6]   what():  failed to initialize rcl node: rcl node's rmw handle is invalid, at ./src/rcl/node.c:415
1770301110.1036015 [INFO] [ign gazebo-1]: process has finished cleanly [pid 24731]
1770301110.1039908 [INFO] [launch]: process[ign gazebo-1] was required: shutting down launched system
1770301110.1082983 [INFO] [wait_for_odom-7]: sending signal 'SIGINT' to process[wait_for_odom-7]
1770301110.1094139 [INFO] [static_transform_publisher-6]: sending signal 'SIGINT' to process[static_transform_publisher-6]
1770301110.1104515 [INFO] [static_transform_publisher-5]: sending signal 'SIGINT' to process[static_transform_publisher-5]
1770301110.1114185 [INFO] [parameter_bridge-4]: sending signal 'SIGINT' to process[parameter_bridge-4]
1770301110.1125445 [INFO] [wait_for_clock-3]: sending signal 'SIGINT' to process[wait_for_clock-3]
1770301110.1136961 [INFO] [robot_state_publisher-2]: sending signal 'SIGINT' to process[robot_state_publisher-2]
1770301110.2487416 [ERROR] [wait_for_clock-3]: process has died [pid 24736, exit code -2, cmd '/home/joostleliveld/UnembodiedNavigation/install/sim/lib/sim/wait_for_clock --ros-args -r __node:=wait_for_clock --params-file /tmp/launch_params_d536ha9_'].
1770301110.2505491 [ERROR] [wait_for_odom-7]: process has died [pid 24744, exit code 1, cmd '/home/joostleliveld/UnembodiedNavigation/install/sim/lib/sim/wait_for_odom --ros-args -r __node:=wait_for_odom --params-file /tmp/launch_params_0kf7v9u1'].
1770301111.1648624 [ERROR] [static_transform_publisher-6]: process has died [pid 24742, exit code -6, cmd '/opt/ros/humble/lib/tf2_ros/static_transform_publisher --x -3 --y -3 --z 6.0 --qx 0.141234 --qy -0.340969 --qz 0.355669 --qw 0.858658 --frame-id map_bev --child-frame-id external_camera/link/camera --ros-args -r __node:=map_bev_to_camera --params-file /tmp/launch_params_pmyck57z'].
1770301112.4200528 [ERROR] [static_transform_publisher-5]: process has died [pid 24740, exit code -6, cmd '/opt/ros/humble/lib/tf2_ros/static_transform_publisher --x 0 --y 0 --z 0 --qx 0 --qy 0 --qz 0 --qw 1 --frame-id map_bev --child-frame-id odom --ros-args -r __node:=map_bev_to_odom --params-file /tmp/launch_params_9yrktfis'].
1770301113.6634731 [ERROR] [robot_state_publisher-2]: process has died [pid 24733, exit code -6, cmd '/opt/ros/humble/lib/robot_state_publisher/robot_state_publisher --ros-args -r __node:=robot_state_publisher --params-file /tmp/launch_params__br9jav6'].
1770301114.9860086 [ERROR] [parameter_bridge-4]: process has died [pid 24738, exit code -6, cmd '/opt/ros/humble/lib/ros_gz_bridge/parameter_bridge /model/turtlebot3/cmd_vel@geometry_msgs/msg/Twist]gz.msgs.Twist /model/turtlebot3/odometry@nav_msgs/msg/Odometry[gz.msgs.Odometry /model/turtlebot3/odometry_tf@tf2_msgs/msg/TFMessage[gz.msgs.Pose_V /model/turtlebot3/joint_states@sensor_msgs/msg/JointState[gz.msgs.Model /external_camera/image_raw@sensor_msgs/msg/Image[gz.msgs.Image /external_camera/camera_info@sensor_msgs/msg/CameraInfo[gz.msgs.CameraInfo /world/empty/clock@rosgraph_msgs/msg/Clock[gz.msgs.Clock --ros-args -r /model/turtlebot3/cmd_vel:=/cmd_vel -r /model/turtlebot3/odometry:=/odom -r /model/turtlebot3/odometry_tf:=/tf -r /model/turtlebot3/joint_states:=/joint_states -r /world/empty/clock:=/clock'].
